../X-CUBE-STSE01/Target/stse01_interface.c:110:19:stse_platform_crc16_init	4	static
../X-CUBE-STSE01/Target/stse01_interface.c:121:19:stse_platform_generate_random_init	4	static
../X-CUBE-STSE01/Target/stse01_interface.c:132:10:crc16_Calculate	24	static
../X-CUBE-STSE01/Target/stse01_interface.c:151:10:crc16_Accumulate	24	static
../X-CUBE-STSE01/Target/stse01_interface.c:168:19:stse_services_platform_init	4	static
../X-CUBE-STSE01/Target/stse01_interface.c:180:11:stse_platform_Crc16_Calculate	16	static
../X-CUBE-STSE01/Target/stse01_interface.c:191:11:stse_platform_Crc16_Accumulate	16	static
../X-CUBE-STSE01/Target/stse01_interface.c:201:6:stse_platform_Delay_ms	16	static
../X-CUBE-STSE01/Target/stse01_interface.c:209:19:stse_platform_delay_init	4	static
../X-CUBE-STSE01/Target/stse01_interface.c:219:6:stse_platform_timeout_ms_start	16	static
../X-CUBE-STSE01/Target/stse01_interface.c:229:10:stse_platform_timeout_ms_get_status	4	static
../X-CUBE-STSE01/Target/stse01_interface.c:240:19:stse_platform_power_on	16	static
../X-CUBE-STSE01/Target/stse01_interface.c:252:19:stse_platform_power_init	4	static
../X-CUBE-STSE01/Target/stse01_interface.c:263:19:stse_platform_power_off	16	static
../X-CUBE-STSE01/Target/stse01_interface.c:277:19:stse_platform_i2c_init	16	static
../X-CUBE-STSE01/Target/stse01_interface.c:291:19:stse_platform_i2c_wake	16	static
../X-CUBE-STSE01/Target/stse01_interface.c:311:19:stse_platform_i2c_send_start	16	static
../X-CUBE-STSE01/Target/stse01_interface.c:342:19:stse_platform_i2c_send_continue	16	static
../X-CUBE-STSE01/Target/stse01_interface.c:378:19:stse_platform_i2c_send_stop	32	static
../X-CUBE-STSE01/Target/stse01_interface.c:417:19:stse_platform_i2c_receive_start	32	static
../X-CUBE-STSE01/Target/stse01_interface.c:475:19:stse_platform_i2c_receive_continue	16	static
../X-CUBE-STSE01/Target/stse01_interface.c:517:19:stse_platform_i2c_receive_stop	32	static
../X-CUBE-STSE01/Target/stse01_interface.c:543:9:BSP_I2C1_Wake	16	static
../X-CUBE-STSE01/Target/stse01_interface.c:570:24:stse_platform_get_cmox_ecc_impl	16	static
../X-CUBE-STSE01/Target/stse01_interface.c:616:15:stse_platform_get_cmox_ecc_priv_key_len	16	static
../X-CUBE-STSE01/Target/stse01_interface.c:662:15:stse_platform_get_cmox_ecc_pub_key_len	16	static
../X-CUBE-STSE01/Target/stse01_interface.c:708:15:stse_platform_get_cmox_ecc_sig_len	16	static
../X-CUBE-STSE01/Target/stse01_interface.c:754:25:stse_platform_get_cmox_hash_algo	16	static
../X-CUBE-STSE01/Target/stse01_interface.c:802:19:stse_platform_crypto_init	16	static
../X-CUBE-STSE01/Target/stse01_interface.c:822:19:stse_crypto_platform_init	8	static
../X-CUBE-STSE01/Target/stse01_interface.c:832:11:stse_platform_generate_random	8	static
../X-CUBE-STSE01/Target/stse01_interface.c:846:19:stse_platform_hash_compute	40	static
../X-CUBE-STSE01/Target/stse01_interface.c:895:19:stsafe_cmox_curve25519_generate_key_pair	88	static
../X-CUBE-STSE01/Target/stse01_interface.c:947:19:stse_platform_ecc_generate_key_pair	96	dynamic
../X-CUBE-STSE01/Target/stse01_interface.c:1048:19:stse_platform_ecc_verify	72	static
../X-CUBE-STSE01/Target/stse01_interface.c:1127:19:stse_platform_ecc_sign	112	dynamic
../X-CUBE-STSE01/Target/stse01_interface.c:1222:19:stse_platform_ecc_ecdh	56	static
../X-CUBE-STSE01/Target/stse01_interface.c:1476:19:stse_platform_aes_ccm_enc	96	dynamic
../X-CUBE-STSE01/Target/stse01_interface.c:1534:19:stse_platform_aes_ccm_dec	96	dynamic
../X-CUBE-STSE01/Target/stse01_interface.c:1814:19:stse_platform_hmac_sha256_compute	72	static
../X-CUBE-STSE01/Target/stse01_interface.c:1862:19:stse_platform_hmac_sha256_extract	64	static
../X-CUBE-STSE01/Target/stse01_interface.c:1902:19:stse_platform_hmac_sha256_expand	472	static
